<?xml version="1.0" encoding="UTF-8"?><rss xmlns:dc="http://purl.org/dc/elements/1.1/" xmlns:content="http://purl.org/rss/1.0/modules/content/" xmlns:atom="http://www.w3.org/2005/Atom" version="2.0">
    <channel>
        <title><![CDATA[A Feed with no elements]]></title>
        <description><![CDATA[This feed will have no elements as a result of the filter_all_articles plugin. Used for unit tests.]]></description>
        <link>http://github.com/dylang/node-rss</link>
        <generator>rss-braider</generator>
        <lastBuildDate>Wed, 31 Dec 2014 00:00:01 GMT</lastBuildDate>
    </channel>
</rss>